::1 - - [04/Oct/2026 12:26:46] "GET / HTTP/1.1" 200 -
::1 - - [04/Oct/2026 12:26:51] "GET /en/ HTTP/1.1" 200 -
::1 - - [04/Oct/2026 12:26:51] "GET /_astro/Layout.astro_astro_type_script_index_0_lang.BNLWDS2j.js HTTP/1.1" 200 -
::1 - - [04/Oct/2026 12:26:51] "GET /_astro/xora-footer-lockup-176.BCANUCq5.png HTTP/1.1" 200 -
::1 - - [04/Oct/2026 12:26:51] "GET /_astro/xora-logo.BvA4_ftd_1UMlDc.webp HTTP/1.1" 200 -
::1 - - [04/Oct/2026 12:26:51] "GET /_astro/HeroText.astro_astro_type_script_index_0_lang.lw7HTZ26.js HTTP/1.1" 200 -
::1 - - [04/Oct/2026 12:26:51] "GET /_astro/xora-logo.BvA4_ftd_1e8cq8.webp HTTP/1.1" 200 -
::1 - - [04/Oct/2026 12:26:51] "GET /en/ HTTP/1.1" 200 -
::1 - - [04/Oct/2026 12:26:51] "GET /en/ HTTP/1.1" 200 -
::1 - - [04/Oct/2026 12:26:51] "GET /en/ HTTP/1.1" 200 -
::1 - - [04/Oct/2026 12:26:51] "GET /en/ HTTP/1.1" 200 -
::1 - - [04/Oct/2026 12:26:51] "GET /en/ HTTP/1.1" 200 -
::1 - - [04/Oct/2026 12:26:51] "GET /en/ HTTP/1.1" 200 -
::1 - - [04/Oct/2026 12:26:51] "GET /_astro/xora-wordmark-56.BvOhzJHG.png HTTP/1.1" 200 -
::1 - - [04/Oct/2026 12:26:51] "GET /_astro/page.BS6wqQC3.js HTTP/1.1" 200 -
::1 - - [04/Oct/2026 12:26:51] "GET /_astro/Layout.C0VBAln0.css HTTP/1.1" 200 -
::1 - - [04/Oct/2026 12:26:51] "GET /_astro/fonts/7bcced271b45f73d.woff2 HTTP/1.1" 200 -
::1 - - [04/Oct/2026 12:26:51] "GET /_astro/fonts/b747baca4820a9ba.woff2 HTTP/1.1" 200 -
::1 - - [04/Oct/2026 12:26:51] "GET /_astro/apple-touch-icon.BpX2yTqa.png HTTP/1.1" 200 -
::1 - - [04/Oct/2026 12:26:51] "GET /_astro/favicon.0BvbYw01.svg HTTP/1.1" 200 -
::1 - - [04/Oct/2026 12:26:51] "GET /_astro/favicon.DbKvJVLX.ico HTTP/1.1" 200 -
::1 - - [04/Oct/2026 12:26:51] "GET / HTTP/1.1" 200 -
::1 - - [04/Oct/2026 12:26:51] "GET /media/demo-report.mp4 HTTP/1.1" 200 -
::1 - - [04/Oct/2026 12:26:51] "GET /media/demo-quote.mp4 HTTP/1.1" 200 -
::1 - - [04/Oct/2026 12:26:51] "GET / HTTP/1.1" 200 -
::1 - - [04/Oct/2026 12:26:51] "GET / HTTP/1.1" 200 -
::1 - - [04/Oct/2026 12:26:52] "GET / HTTP/1.1" 200 -
::1 - - [04/Oct/2026 12:26:52] "GET / HTTP/1.1" 200 -
::1 - - [04/Oct/2026 12:26:52] "GET / HTTP/1.1" 200 -
::1 - - [04/Oct/2026 12:26:52] "GET / HTTP/1.1" 200 -
::1 - - [04/Oct/2026 12:26:52] "GET /_astro/noto-sans-jp-700.subset.CPv_i6GS.woff2 HTTP/1.1" 200 -
::1 - - [04/Oct/2026 12:26:57] "GET /media/demo-quote-poster.jpg HTTP/1.1" 200 -
::1 - - [04/Oct/2026 12:26:57] "GET /media/demo-report-poster.jpg HTTP/1.1" 200 -
::1 - - [04/Oct/2026 12:26:57] "GET /sitemap-index.xml HTTP/1.1" 200 -
::1 - - [04/Oct/2026 12:26:57] "GET /sitemap-0.xml HTTP/1.1" 200 -
::1 - - [04/Oct/2026 12:26:57] "GET /robots.txt HTTP/1.1" 200 -
::1 - - [04/Oct/2026 12:26:57] code 404, message File not found
::1 - - [04/Oct/2026 12:26:57] "GET /404-nonexistent HTTP/1.1" 404 -
::1 - - [04/Oct/2026 12:27:03] "GET / HTTP/1.1" 200 -
::1 - - [04/Oct/2026 12:27:03] "GET /_astro/noto-sans-jp-700.subset.CPv_i6GS.woff2 HTTP/1.1" 200 -
::1 - - [04/Oct/2026 12:27:03] "GET /_astro/Layout.C0VBAln0.css HTTP/1.1" 200 -
::1 - - [04/Oct/2026 12:27:03] "GET /_astro/fonts/b747baca4820a9ba.woff2 HTTP/1.1" 200 -
::1 - - [04/Oct/2026 12:27:03] "GET /_astro/page.BS6wqQC3.js HTTP/1.1" 200 -
::1 - - [04/Oct/2026 12:27:03] "GET /_astro/fonts/7bcced271b45f73d.woff2 HTTP/1.1" 200 -
::1 - - [04/Oct/2026 12:27:03] "GET /_astro/xora-logo.BvA4_ftd_1e8cq8.webp HTTP/1.1" 200 -
::1 - - [04/Oct/2026 12:27:03] "GET /_astro/HeroText.astro_astro_type_script_index_0_lang.lw7HTZ26.js HTTP/1.1" 200 -
::1 - - [04/Oct/2026 12:27:03] "GET /_astro/Layout.astro_astro_type_script_index_0_lang.BNLWDS2j.js HTTP/1.1" 200 -
::1 - - [04/Oct/2026 12:27:03] "GET /media/demo-report-poster.jpg HTTP/1.1" 200 -
::1 - - [04/Oct/2026 12:27:03] "GET /media/demo-quote-poster.jpg HTTP/1.1" 200 -
::1 - - [04/Oct/2026 12:27:03] "GET /_astro/xora-wordmark-56.b6u-JX5U.webp HTTP/1.1" 200 -
::1 - - [04/Oct/2026 12:27:03] "GET /_astro/preload-helper.CxFQXtKk.js HTTP/1.1" 200 -
::1 - - [04/Oct/2026 12:27:03] "GET /_astro/xora-logo.BvA4_ftd_Z2rB6t4.webp HTTP/1.1" 200 -
::1 - - [04/Oct/2026 12:27:03] "GET /_astro/noto-sans-jp-400.subset.BwWI8i5j.woff2 HTTP/1.1" 200 -
::1 - - [04/Oct/2026 12:27:04] "GET /_astro/magnet-buttons.CscMRMh9.js HTTP/1.1" 200 -
::1 - - [04/Oct/2026 12:27:05] "GET / HTTP/1.1" 200 -
::1 - - [04/Oct/2026 12:27:05] "GET /_astro/noto-sans-jp-700.subset.CPv_i6GS.woff2 HTTP/1.1" 200 -
::1 - - [04/Oct/2026 12:27:05] "GET /_astro/Layout.C0VBAln0.css HTTP/1.1" 200 -
::1 - - [04/Oct/2026 12:27:05] "GET /_astro/page.BS6wqQC3.js HTTP/1.1" 200 -
::1 - - [04/Oct/2026 12:27:05] "GET /_astro/fonts/b747baca4820a9ba.woff2 HTTP/1.1" 200 -
::1 - - [04/Oct/2026 12:27:05] "GET /_astro/fonts/7bcced271b45f73d.woff2 HTTP/1.1" 200 -
::1 - - [04/Oct/2026 12:27:05] "GET /_astro/xora-logo.BvA4_ftd_1e8cq8.webp HTTP/1.1" 200 -
::1 - - [04/Oct/2026 12:27:05] "GET /_astro/HeroText.astro_astro_type_script_index_0_lang.lw7HTZ26.js HTTP/1.1" 200 -
::1 - - [04/Oct/2026 12:27:05] "GET /_astro/Layout.astro_astro_type_script_index_0_lang.BNLWDS2j.js HTTP/1.1" 200 -
::1 - - [04/Oct/2026 12:27:05] "GET /media/demo-quote-poster.jpg HTTP/1.1" 200 -
::1 - - [04/Oct/2026 12:27:05] "GET /media/demo-report-poster.jpg HTTP/1.1" 200 -
::1 - - [04/Oct/2026 12:27:05] "GET /_astro/xora-wordmark-56.b6u-JX5U.webp HTTP/1.1" 200 -
::1 - - [04/Oct/2026 12:27:05] "GET /_astro/xora-logo.BvA4_ftd_Z2rB6t4.webp HTTP/1.1" 200 -
::1 - - [04/Oct/2026 12:27:05] "GET /_astro/noto-sans-jp-400.subset.BwWI8i5j.woff2 HTTP/1.1" 200 -
::1 - - [04/Oct/2026 12:27:05] "GET /_astro/preload-helper.CxFQXtKk.js HTTP/1.1" 200 -
::1 - - [04/Oct/2026 12:27:05] "GET /_astro/magnet-buttons.CscMRMh9.js HTTP/1.1" 200 -
::1 - - [04/Oct/2026 12:27:06] "GET / HTTP/1.1" 200 -
::1 - - [04/Oct/2026 12:27:06] "GET /_astro/noto-sans-jp-700.subset.CPv_i6GS.woff2 HTTP/1.1" 200 -
::1 - - [04/Oct/2026 12:27:06] "GET /_astro/Layout.C0VBAln0.css HTTP/1.1" 200 -
::1 - - [04/Oct/2026 12:27:06] "GET /_astro/page.BS6wqQC3.js HTTP/1.1" 200 -
::1 - - [04/Oct/2026 12:27:06] "GET /_astro/fonts/b747baca4820a9ba.woff2 HTTP/1.1" 200 -
::1 - - [04/Oct/2026 12:27:06] "GET /_astro/fonts/7bcced271b45f73d.woff2 HTTP/1.1" 200 -
::1 - - [04/Oct/2026 12:27:06] "GET /_astro/xora-logo.BvA4_ftd_1e8cq8.webp HTTP/1.1" 200 -
::1 - - [04/Oct/2026 12:27:06] "GET /_astro/HeroText.astro_astro_type_script_index_0_lang.lw7HTZ26.js HTTP/1.1" 200 -
::1 - - [04/Oct/2026 12:27:06] "GET /_astro/Layout.astro_astro_type_script_index_0_lang.BNLWDS2j.js HTTP/1.1" 200 -
::1 - - [04/Oct/2026 12:27:06] "GET /media/demo-quote-poster.jpg HTTP/1.1" 200 -
::1 - - [04/Oct/2026 12:27:06] "GET /media/demo-report-poster.jpg HTTP/1.1" 200 -
::1 - - [04/Oct/2026 12:27:06] "GET /_astro/xora-wordmark-56.b6u-JX5U.webp HTTP/1.1" 200 -
::1 - - [04/Oct/2026 12:27:06] "GET /_astro/xora-logo.BvA4_ftd_Z2rB6t4.webp HTTP/1.1" 200 -
::1 - - [04/Oct/2026 12:27:06] "GET /_astro/noto-sans-jp-400.subset.BwWI8i5j.woff2 HTTP/1.1" 200 -
::1 - - [04/Oct/2026 12:27:06] "GET /_astro/preload-helper.CxFQXtKk.js HTTP/1.1" 200 -
::1 - - [04/Oct/2026 12:27:06] "GET /_astro/magnet-buttons.CscMRMh9.js HTTP/1.1" 200 -
::1 - - [04/Oct/2026 12:27:07] "GET / HTTP/1.1" 200 -
::1 - - [04/Oct/2026 12:27:07] "GET /_astro/noto-sans-jp-700.subset.CPv_i6GS.woff2 HTTP/1.1" 200 -
::1 - - [04/Oct/2026 12:27:07] "GET /_astro/Layout.C0VBAln0.css HTTP/1.1" 200 -
::1 - - [04/Oct/2026 12:27:07] "GET /_astro/fonts/b747baca4820a9ba.woff2 HTTP/1.1" 200 -
::1 - - [04/Oct/2026 12:27:07] "GET /_astro/xora-logo.BvA4_ftd_1e8cq8.webp HTTP/1.1" 200 -
::1 - - [04/Oct/2026 12:27:07] "GET /_astro/page.BS6wqQC3.js HTTP/1.1" 200 -
::1 - - [04/Oct/2026 12:27:07] "GET /_astro/fonts/7bcced271b45f73d.woff2 HTTP/1.1" 200 -
::1 - - [04/Oct/2026 12:27:07] "GET /_astro/HeroText.astro_astro_type_script_index_0_lang.lw7HTZ26.js HTTP/1.1" 200 -
::1 - - [04/Oct/2026 12:27:07] "GET /_astro/Layout.astro_astro_type_script_index_0_lang.BNLWDS2j.js HTTP/1.1" 200 -
::1 - - [04/Oct/2026 12:27:07] "GET /media/demo-report-poster.jpg HTTP/1.1" 200 -
::1 - - [04/Oct/2026 12:27:07] "GET /media/demo-quote-poster.jpg HTTP/1.1" 200 -
::1 - - [04/Oct/2026 12:27:07] "GET /_astro/xora-wordmark-56.b6u-JX5U.webp HTTP/1.1" 200 -
::1 - - [04/Oct/2026 12:27:07] "GET /_astro/xora-logo.BvA4_ftd_Z2rB6t4.webp HTTP/1.1" 200 -
::1 - - [04/Oct/2026 12:27:08] "GET /_astro/noto-sans-jp-400.subset.BwWI8i5j.woff2 HTTP/1.1" 200 -
::1 - - [04/Oct/2026 12:27:08] "GET /_astro/preload-helper.CxFQXtKk.js HTTP/1.1" 200 -
::1 - - [04/Oct/2026 12:27:08] "GET /_astro/magnet-buttons.CscMRMh9.js HTTP/1.1" 200 -
::1 - - [04/Oct/2026 12:27:08] "GET / HTTP/1.1" 200 -
::1 - - [04/Oct/2026 12:27:08] "GET /_astro/noto-sans-jp-700.subset.CPv_i6GS.woff2 HTTP/1.1" 200 -
::1 - - [04/Oct/2026 12:27:08] "GET /_astro/Layout.C0VBAln0.css HTTP/1.1" 200 -
::1 - - [04/Oct/2026 12:27:08] "GET /_astro/page.BS6wqQC3.js HTTP/1.1" 200 -
::1 - - [04/Oct/2026 12:27:08] "GET /_astro/fonts/b747baca4820a9ba.woff2 HTTP/1.1" 200 -
::1 - - [04/Oct/2026 12:27:08] "GET /_astro/xora-logo.BvA4_ftd_1e8cq8.webp HTTP/1.1" 200 -
::1 - - [04/Oct/2026 12:27:08] "GET /_astro/fonts/7bcced271b45f73d.woff2 HTTP/1.1" 200 -
::1 - - [04/Oct/2026 12:27:09] "GET /_astro/HeroText.astro_astro_type_script_index_0_lang.lw7HTZ26.js HTTP/1.1" 200 -
::1 - - [04/Oct/2026 12:27:09] "GET /_astro/Layout.astro_astro_type_script_index_0_lang.BNLWDS2j.js HTTP/1.1" 200 -
::1 - - [04/Oct/2026 12:27:09] "GET /media/demo-quote-poster.jpg HTTP/1.1" 200 -
::1 - - [04/Oct/2026 12:27:09] "GET /media/demo-report-poster.jpg HTTP/1.1" 200 -
::1 - - [04/Oct/2026 12:27:09] "GET /_astro/xora-wordmark-56.b6u-JX5U.webp HTTP/1.1" 200 -
::1 - - [04/Oct/2026 12:27:09] "GET /_astro/xora-logo.BvA4_ftd_Z2rB6t4.webp HTTP/1.1" 200 -
::1 - - [04/Oct/2026 12:27:09] "GET /_astro/noto-sans-jp-400.subset.BwWI8i5j.woff2 HTTP/1.1" 200 -
::1 - - [04/Oct/2026 12:27:09] "GET /_astro/preload-helper.CxFQXtKk.js HTTP/1.1" 200 -
::1 - - [04/Oct/2026 12:27:09] "GET /_astro/lenis-init.CszkMS6m.js HTTP/1.1" 200 -
::1 - - [04/Oct/2026 12:27:09] "GET /_astro/magnet-buttons.CscMRMh9.js HTTP/1.1" 200 -
::1 - - [04/Oct/2026 12:27:10] "GET / HTTP/1.1" 200 -
::1 - - [04/Oct/2026 12:27:10] "GET /_astro/noto-sans-jp-700.subset.CPv_i6GS.woff2 HTTP/1.1" 200 -
::1 - - [04/Oct/2026 12:27:10] "GET /_astro/Layout.C0VBAln0.css HTTP/1.1" 200 -
::1 - - [04/Oct/2026 12:27:10] "GET /_astro/page.BS6wqQC3.js HTTP/1.1" 200 -
::1 - - [04/Oct/2026 12:27:10] "GET /_astro/fonts/b747baca4820a9ba.woff2 HTTP/1.1" 200 -
::1 - - [04/Oct/2026 12:27:10] "GET /_astro/fonts/7bcced271b45f73d.woff2 HTTP/1.1" 200 -
::1 - - [04/Oct/2026 12:27:10] "GET /_astro/xora-logo.BvA4_ftd_1e8cq8.webp HTTP/1.1" 200 -
::1 - - [04/Oct/2026 12:27:10] "GET /_astro/HeroText.astro_astro_type_script_index_0_lang.lw7HTZ26.js HTTP/1.1" 200 -
::1 - - [04/Oct/2026 12:27:10] "GET /_astro/Layout.astro_astro_type_script_index_0_lang.BNLWDS2j.js HTTP/1.1" 200 -
::1 - - [04/Oct/2026 12:27:10] "GET /media/demo-quote-poster.jpg HTTP/1.1" 200 -
::1 - - [04/Oct/2026 12:27:10] "GET /media/demo-report-poster.jpg HTTP/1.1" 200 -
::1 - - [04/Oct/2026 12:27:10] "GET /_astro/xora-wordmark-56.b6u-JX5U.webp HTTP/1.1" 200 -
::1 - - [04/Oct/2026 12:27:10] "GET /_astro/xora-logo.BvA4_ftd_Z2rB6t4.webp HTTP/1.1" 200 -
::1 - - [04/Oct/2026 12:27:10] "GET /_astro/noto-sans-jp-400.subset.BwWI8i5j.woff2 HTTP/1.1" 200 -
::1 - - [04/Oct/2026 12:27:10] "GET /_astro/preload-helper.CxFQXtKk.js HTTP/1.1" 200 -
::1 - - [04/Oct/2026 12:27:10] "GET /_astro/lenis-init.CszkMS6m.js HTTP/1.1" 200 -
::1 - - [04/Oct/2026 12:27:10] "GET /_astro/magnet-buttons.CscMRMh9.js HTTP/1.1" 200 -
::1 - - [04/Oct/2026 12:27:11] "GET / HTTP/1.1" 200 -
::1 - - [04/Oct/2026 12:27:11] "GET /_astro/noto-sans-jp-700.subset.CPv_i6GS.woff2 HTTP/1.1" 200 -
::1 - - [04/Oct/2026 12:27:11] "GET /_astro/Layout.C0VBAln0.css HTTP/1.1" 200 -
::1 - - [04/Oct/2026 12:27:11] "GET /_astro/fonts/b747baca4820a9ba.woff2 HTTP/1.1" 200 -
::1 - - [04/Oct/2026 12:27:11] "GET /_astro/page.BS6wqQC3.js HTTP/1.1" 200 -
::1 - - [04/Oct/2026 12:27:11] "GET /_astro/xora-logo.BvA4_ftd_1e8cq8.webp HTTP/1.1" 200 -
::1 - - [04/Oct/2026 12:27:11] "GET /_astro/fonts/7bcced271b45f73d.woff2 HTTP/1.1" 200 -
::1 - - [04/Oct/2026 12:27:11] "GET /_astro/HeroText.astro_astro_type_script_index_0_lang.lw7HTZ26.js HTTP/1.1" 200 -
::1 - - [04/Oct/2026 12:27:11] "GET /_astro/Layout.astro_astro_type_script_index_0_lang.BNLWDS2j.js HTTP/1.1" 200 -
::1 - - [04/Oct/2026 12:27:11] "GET /media/demo-quote-poster.jpg HTTP/1.1" 200 -
::1 - - [04/Oct/2026 12:27:11] "GET /media/demo-report-poster.jpg HTTP/1.1" 200 -
::1 - - [04/Oct/2026 12:27:11] "GET /_astro/xora-wordmark-56.b6u-JX5U.webp HTTP/1.1" 200 -
::1 - - [04/Oct/2026 12:27:11] "GET /_astro/xora-logo.BvA4_ftd_Z2rB6t4.webp HTTP/1.1" 200 -
::1 - - [04/Oct/2026 12:27:11] "GET /_astro/noto-sans-jp-400.subset.BwWI8i5j.woff2 HTTP/1.1" 200 -
::1 - - [04/Oct/2026 12:27:11] "GET /_astro/preload-helper.CxFQXtKk.js HTTP/1.1" 200 -
::1 - - [04/Oct/2026 12:27:11] "GET /_astro/lenis-init.CszkMS6m.js HTTP/1.1" 200 -
::1 - - [04/Oct/2026 12:27:11] "GET /_astro/magnet-buttons.CscMRMh9.js HTTP/1.1" 200 -
